src/app/couples-planner/page.tsx(105,7): error TS2322: Type 'unknown' is not assignable to type 'ReactNode'.
src/app/fire-planner/page.tsx(44,6): error TS2352: Conversion of type 'GoalInput' to type 'Record<string, string | number>' may be a mistake because neither type sufficiently overlaps with the other. If this was intentional, convert the expression to 'unknown' first.
  Index signature for type 'string' is missing in type 'GoalInput'.
src/app/life-events/page.tsx(109,11): error TS2322: Type 'unknown' is not assignable to type 'ReactNode'.
